Last login: Wed Jan 19 19:28:40 on ttys001
rheyavithlani@Rheyas-MBP ~ % cd Desktop 
rheyavithlani@Rheyas-MBP Desktop % cd order-book-master 
rheyavithlani@Rheyas-MBP order-book-master % npm start

> order-book@0.1.0 start
> concurrently --kill-others-on-fail "npm run server" "npm run client"

[0] 
[0] > order-book@0.1.0 server
[0] > nodemon server.js
[0] 
[1] 
[1] > order-book@0.1.0 client
[1] > cd client && npm run start
[1] 
[0] [nodemon] 2.0.15
[0] [nodemon] to restart at any time, enter `rs`
[0] [nodemon] watching path(s): *.*
[0] [nodemon] watching extensions: js,mjs,json
[0] [nodemon] starting `node server.js`
[1] 
[1] > order-book@0.1.0 start
[1] > react-scripts start
[1] 
[0] Listening on port 3001...
[1] (node:73338) [DEP0111] DeprecationWarning: Access to process.binding('http_parser') is deprecated.
[1] (Use `node --trace-deprecation ...` to show where the warning was created)
[1] Starting the development server...
[1] 
[1] /Users/rheyavithlani/Desktop/order-book-master/client/node_modules/webpack-dev-server/node_modules/chokidar/lib/fsevents-handler.js:26
[1]   return (new fsevents(path)).on('fsevent', callback).start();
[1]           ^
[1] 
[1] TypeError: fsevents is not a constructor
[1]     at createFSEventsInstance (/Users/rheyavithlani/Desktop/order-book-master/client/node_modules/webpack-dev-server/node_modules/chokidar/lib/fsevents-handler.js:26:11)
[1]     at setFSEventsListener (/Users/rheyavithlani/Desktop/order-book-master/client/node_modules/webpack-dev-server/node_modules/chokidar/lib/fsevents-handler.js:80:16)
[1]     at FSWatcher.FsEventsHandler._watchWithFsEvents (/Users/rheyavithlani/Desktop/order-book-master/client/node_modules/webpack-dev-server/node_modules/chokidar/lib/fsevents-handler.js:244:16)
[1]     at FSWatcher.<anonymous> (/Users/rheyavithlani/Desktop/order-book-master/client/node_modules/webpack-dev-server/node_modules/chokidar/lib/fsevents-handler.js:378:25)
[1]     at LOOP (node:fs:2607:14)
[1]     at processTicksAndRejections (node:internal/process/task_queues:78:11)
[1] npm run client exited with code 1
--> Sending SIGTERM to other processes..
[0] npm run server exited with code null
rheyavithlani@Rheyas-MBP order-book-master % npm install --save --save-exact react-scripts@3.0.1


npm WARN deprecated urix@0.1.0: Please see https://github.com/lydell/urix#deprecated
npm WARN deprecated resolve-url@0.2.1: https://github.com/lydell/resolve-url#deprecated
npm WARN deprecated querystring@0.2.0: The querystring API is considered Legacy. new code should use the URLSearchParams API instead.
npm WARN deprecated @hapi/hoek@8.5.1: This version has been deprecated and is no longer supported or maintained
npm WARN deprecated @hapi/bourne@1.3.2: This version has been deprecated and is no longer supported or maintained
npm WARN deprecated @hapi/address@2.1.4: Moved to 'npm install @sideway/address'
npm WARN deprecated @hapi/topo@3.1.6: This version has been deprecated and is no longer supported or maintained
npm WARN deprecated @hapi/joi@15.1.1: Switch to 'npm install joi'
npm WARN deprecated source-map-url@0.4.1: See https://github.com/lydell/source-map-url#deprecated
npm WARN deprecated source-map-resolve@0.5.3: See https://github.com/lydell/source-map-resolve#deprecated
npm WARN deprecated har-validator@5.1.5: this library is no longer supported
npm WARN deprecated uuid@3.4.0: Please upgrade  to version 7 or higher.  Older versions may use Math.random() in certain circumstances, which is known to be problematic.  See https://v8.dev/blog/math-random for details.
npm WARN deprecated flatten@1.0.3: flatten is deprecated in favor of utility frameworks such as lodash.
npm WARN deprecated request-promise-native@1.0.9: request-promise-native has been deprecated because it extends the now deprecated request package, see https://github.com/request/request/issues/3142
npm WARN deprecated left-pad@1.3.0: use String.prototype.padStart()
npm WARN deprecated sane@4.1.0: some dependency vulnerabilities fixed, support for node < 10 dropped, and newer ECMAScript syntax/features added
npm WARN deprecated request@2.88.2: request has been deprecated, see https://github.com/request/request/issues/3142
npm WARN deprecated svgo@1.3.2: This SVGO version is no longer supported. Upgrade to v2.x.x.
npm WARN deprecated eslint-loader@2.1.2: This loader has been deprecated. Please use eslint-webpack-plugin
npm WARN deprecated html-webpack-plugin@4.0.0-beta.5: please switch to a stable version
npm WARN deprecated babel-eslint@10.0.1: babel-eslint is now @babel/eslint-parser. This package will no longer receive updates.
npm WARN deprecated fsevents@1.2.13: fsevents 1 will break on node v14+ and could be using insecure binaries. Upgrade to fsevents 2.
npm WARN deprecated chokidar@2.1.8: Chokidar 2 will break on node v14+. Upgrade to chokidar 3 with 15x less dependencies.
npm WARN deprecated fsevents@1.2.13: fsevents 1 will break on node v14+ and could be using insecure binaries. Upgrade to fsevents 2.
npm WARN deprecated chokidar@2.1.8: Chokidar 2 will break on node v14+. Upgrade to chokidar 3 with 15x less dependencies.
npm WARN deprecated fsevents@1.2.13: fsevents 1 will break on node v14+ and could be using insecure binaries. Upgrade to fsevents 2.
npm WARN deprecated fsevents@1.2.13: fsevents 1 will break on node v14+ and could be using insecure binaries. Upgrade to fsevents 2.
npm WARN deprecated chokidar@2.1.8: Chokidar 2 will break on node v14+. Upgrade to chokidar 3 with 15x less dependencies.
npm WARN deprecated fsevents@2.0.6: "Please update to latest v2.3 or v2.2"
npm WARN deprecated core-js@2.6.12: core-js@<3.4 is no longer maintained and not recommended for usage due to the number of issues. Because of the V8 engine whims, feature detection in old core-js versions could cause a slowdown up to 100x even if nothing is polyfilled. Please, upgrade your dependencies to the actual version of core-js.

added 1662 packages, changed 4 packages, and audited 1852 packages in 43s

86 packages are looking for funding
  run `npm fund` for details

138 vulnerabilities (2 low, 122 moderate, 13 high, 1 critical)

To address issues that do not require attention, run:
  npm audit fix

To address all issues (including breaking changes), run:
  npm audit fix --force

Run `npm audit` for details.
rheyavithlani@Rheyas-MBP order-book-master % npm start

> order-book@0.1.0 start
> concurrently --kill-others-on-fail "npm run server" "npm run client"

[1] 
[1] > order-book@0.1.0 client
[1] > cd client && npm run start
[1] 
[0] 
[0] > order-book@0.1.0 server
[0] > nodemon server.js
[0] 
[0] [nodemon] 2.0.15
[0] [nodemon] to restart at any time, enter `rs`
[0] [nodemon] watching path(s): *.*
[0] [nodemon] watching extensions: js,mjs,json
[0] [nodemon] starting `node server.js`
[1] 
[1] > order-book@0.1.0 start
[1] > react-scripts start
[1] 
[0] Listening on port 3001...
[1] (node:74101) [DEP0111] DeprecationWarning: Access to process.binding('http_parser') is deprecated.
[1] (Use `node --trace-deprecation ...` to show where the warning was created)
[1] Starting the development server...
[1] 
[1] /Users/rheyavithlani/Desktop/order-book-master/client/node_modules/webpack-dev-server/node_modules/chokidar/lib/fsevents-handler.js:26
[1]   return (new fsevents(path)).on('fsevent', callback).start();
[1]           ^
[1] 
[1] TypeError: fsevents is not a constructor
[1]     at createFSEventsInstance (/Users/rheyavithlani/Desktop/order-book-master/client/node_modules/webpack-dev-server/node_modules/chokidar/lib/fsevents-handler.js:26:11)
[1]     at setFSEventsListener (/Users/rheyavithlani/Desktop/order-book-master/client/node_modules/webpack-dev-server/node_modules/chokidar/lib/fsevents-handler.js:80:16)
[1]     at FSWatcher.FsEventsHandler._watchWithFsEvents (/Users/rheyavithlani/Desktop/order-book-master/client/node_modules/webpack-dev-server/node_modules/chokidar/lib/fsevents-handler.js:244:16)
[1]     at FSWatcher.<anonymous> (/Users/rheyavithlani/Desktop/order-book-master/client/node_modules/webpack-dev-server/node_modules/chokidar/lib/fsevents-handler.js:378:25)
[1]     at LOOP (node:fs:2607:14)
[1]     at processTicksAndRejections (node:internal/process/task_queues:78:11)
[1] npm run client exited with code 1
--> Sending SIGTERM to other processes..
[0] npm run server exited with code 143
rheyavithlani@Rheyas-MBP order-book-master % cd client
rheyavithlani@Rheyas-MBP client % npm install --save --save-exact react-scripts@3.0.1


npm WARN deprecated source-map-url@0.4.1: See https://github.com/lydell/source-map-url#deprecated
npm WARN deprecated flatten@1.0.3: flatten is deprecated in favor of utility frameworks such as lodash.
npm WARN deprecated @hapi/bourne@1.3.2: This version has been deprecated and is no longer supported or maintained
npm WARN deprecated @hapi/topo@3.1.6: This version has been deprecated and is no longer supported or maintained
npm WARN deprecated request-promise-native@1.0.9: request-promise-native has been deprecated because it extends the now deprecated request package, see https://github.com/request/request/issues/3142
npm WARN deprecated fsevents@2.0.6: "Please update to latest v2.3 or v2.2"
npm WARN deprecated har-validator@5.1.5: this library is no longer supported
npm WARN deprecated eslint-loader@2.1.2: This loader has been deprecated. Please use eslint-webpack-plugin
npm WARN deprecated left-pad@1.3.0: use String.prototype.padStart()
npm WARN deprecated source-map-resolve@0.5.3: See https://github.com/lydell/source-map-resolve#deprecated
npm WARN deprecated sane@4.1.0: some dependency vulnerabilities fixed, support for node < 10 dropped, and newer ECMAScript syntax/features added
npm WARN deprecated chokidar@2.1.8: Chokidar 2 will break on node v14+. Upgrade to chokidar 3 with 15x less dependencies.
npm WARN deprecated fsevents@1.2.13: fsevents 1 will break on node v14+ and could be using insecure binaries. Upgrade to fsevents 2.
npm WARN deprecated fsevents@1.2.13: fsevents 1 will break on node v14+ and could be using insecure binaries. Upgrade to fsevents 2.
npm WARN deprecated @hapi/address@2.1.4: Moved to 'npm install @sideway/address'
npm WARN deprecated html-webpack-plugin@4.0.0-beta.5: please switch to a stable version
npm WARN deprecated babel-eslint@10.0.1: babel-eslint is now @babel/eslint-parser. This package will no longer receive updates.
npm WARN deprecated uuid@3.4.0: Please upgrade  to version 7 or higher.  Older versions may use Math.random() in certain circumstances, which is known to be problematic.  See https://v8.dev/blog/math-random for details.
npm WARN deprecated request@2.88.2: request has been deprecated, see https://github.com/request/request/issues/3142
npm WARN deprecated @hapi/hoek@8.5.1: This version has been deprecated and is no longer supported or maintained
npm WARN deprecated @hapi/joi@15.1.1: Switch to 'npm install joi'
npm WARN deprecated svgo@1.3.2: This SVGO version is no longer supported. Upgrade to v2.x.x.
npm WARN deprecated core-js@2.6.12: core-js@<3.4 is no longer maintained and not recommended for usage due to the number of issues. Because of the V8 engine whims, feature detection in old core-js versions could cause a slowdown up to 100x even if nothing is polyfilled. Please, upgrade your dependencies to the actual version of core-js.

added 736 packages, removed 546 packages, changed 478 packages, and audited 1516 packages in 13s

73 packages are looking for funding
  run `npm fund` for details

144 vulnerabilities (7 low, 123 moderate, 13 high, 1 critical)

To address issues that do not require attention, run:
  npm audit fix

To address all issues (including breaking changes), run:
  npm audit fix --force

Run `npm audit` for details.
rheyavithlani@Rheyas-MBP client % cd ..    
rheyavithlani@Rheyas-MBP order-book-master % npm start

> order-book@0.1.0 start
> concurrently --kill-others-on-fail "npm run server" "npm run client"

[1] 
[1] > order-book@0.1.0 client
[1] > cd client && npm run start
[1] 
[0] 
[0] > order-book@0.1.0 server
[0] > nodemon server.js
[0] 
[0] [nodemon] 2.0.15
[0] [nodemon] to restart at any time, enter `rs`
[0] [nodemon] watching path(s): *.*
[0] [nodemon] watching extensions: js,mjs,json
[0] [nodemon] starting `node server.js`
[1] 
[1] > order-book@0.1.0 start
[1] > react-scripts start
[1] 
[0] Listening on port 3001...
[1] 
[0] [nodemon] restarting due to changes...
[0] [nodemon] starting `node server.js`
[1] Starting the development server...
[1] 
[0] Listening on port 3001...
[1] Compiled successfully!
[1] 
[1] You can now view order-book in the browser.
[1] 
[1]   Local:            http://localhost:3000/
[1]   On Your Network:  http://192.168.1.52:3000/
[1] 
[1] Note that the development build is not optimized.
[1] To create a production build, use npm run build.
[1] 

